0: generated=253..272 lua="---@return integer\n" <- file=1 source=7..13 rua="answer"
1: generated=272..312 lua="function api.answer()\n    return 42\nend\n" <- file=1 source=7..13 rua="answer"
2: generated=294..308 lua="    return 42\n" <- file=1 source=25..27 rua="42"
3: generated=312..339 lua="local value = api.answer()\n" <- file=0 source=4..9 rua="value"
4: generated=339..362 lua="fmt.print(\"{}\", value)\n" <- file=0 source=27..45 rua="print(\"{}\", value)"
