compile-fail/arithmetic_mixed_int_string.rua
  E0206 file=compile-fail/arithmetic_mixed_int_string.rua range=25..36 arguments=[line="2", message="cannot apply binary `+` to `i64` and `String`"]
compile-fail/arithmetic_mixed_string_int.rua
  E0206 file=compile-fail/arithmetic_mixed_string_int.rua range=25..36 arguments=[line="2", message="cannot apply binary `+` to `String` and `i64`"]
compile-fail/call_wrong_arity_fn.rua
  E0200 file=compile-fail/call_wrong_arity_fn.rua range=71..74 arguments=[line="4", message="function `add` expects 2 argument(s), got 1"]
compile-fail/call_wrong_arity_method.rua
  E0200 file=compile-fail/call_wrong_arity_method.rua range=128..142 arguments=[line="8", message="method `Counter::get` expects 0 argument(s), got 1"]
compile-fail/call_wrong_type_fn.rua
  E0200 file=compile-fail/call_wrong_type_fn.rua range=62..63 arguments=[line="4", message="argument 1 of `require_bool` expects `bool`, found `i64`"]
compile-fail/call_wrong_type_method.rua
  E0200 file=compile-fail/call_wrong_type_method.rua range=153..158 arguments=[line="8", message="argument 1 of `Counter::set` expects `i64`, found `bool`"]
compile-fail/enum_unit_called.rua
  E0200 file=compile-fail/enum_unit_called.rua range=48..60 arguments=[line="4", message="unit variant `State::Ready` is not called with `()`"]
compile-fail/enum_unknown_variant.rua
  E0105 file=compile-fail/enum_unknown_variant.rua range=48..62 arguments=[line="4", message="enum `State` has no variant `Missing`"]
compile-fail/enum_wrong_struct_form.rua
  E0200 file=compile-fail/enum_wrong_struct_form.rua range=72..85 arguments=[line="4", message="struct variant `Message::Move` must be built with `{ .. }`"]
compile-fail/enum_wrong_tuple_form.rua
  E0200 file=compile-fail/enum_wrong_tuple_form.rua range=63..91 arguments=[line="4", message="variant `Message::Move` is not a struct variant"]
compile-fail/name_duplicate_enum_variant.rua
  E0101 file=compile-fail/name_duplicate_enum_variant.rua range=0..0 arguments=[line="0", message="duplicate variant `Ready` in enum `State`"]
compile-fail/name_duplicate_fn.rua
  E0101 file=compile-fail/name_duplicate_fn.rua range=0..0 arguments=[line="0", message="duplicate top-level definition `duplicate`"]
compile-fail/name_duplicate_struct_field.rua
  E0101 file=- range=- arguments=[message="duplicate field `x` in struct `Point`"]
compile-fail/option_some_wrong_arity.rua
  E0203 file=compile-fail/option_some_wrong_arity.rua range=32..36 arguments=[line="2", message="`Some` takes exactly 1 argument"]
compile-fail/parse_bad_generic_list.rua
  E0001 file=compile-fail/parse_bad_generic_list.rua range=12..13 arguments=[message="expected identifier, found `,`"]
compile-fail/parse_bad_pattern.rua
  E0001 file=compile-fail/parse_bad_pattern.rua range=59..61 arguments=[message="expected pattern, found `=>`"]
compile-fail/parse_bad_where_clause.rua
  E0001 file=compile-fail/parse_bad_where_clause.rua range=39..40 arguments=[message="expected identifier, found `{`"]
compile-fail/parse_missing_brace.rua
  E0001 file=compile-fail/parse_missing_brace.rua range=31..31 arguments=[message="expected `}`, found `<eof>`"]
compile-fail/pattern_struct_as_tuple.rua
  E0200 file=compile-fail/pattern_struct_as_tuple.rua range=125..126 arguments=[line="5", message="struct variant `Message::Move` must be matched with `{ .. }`"]
compile-fail/pattern_unit_payload.rua
  E0200 file=compile-fail/pattern_unit_payload.rua range=103..108 arguments=[line="5", message="unit variant `State::Ready` has no tuple payload"]
compile-fail/pattern_unknown_struct_field.rua
  E0209 file=compile-fail/pattern_unknown_struct_field.rua range=134..135 arguments=[line="5", message="variant `Message::Move` has no field `z`"]
compile-fail/pattern_variant_arity.rua
  E0203 file=compile-fail/pattern_variant_arity.rua range=110..115 arguments=[line="5", message="variant `Pair::Values` expects 2 element(s) in pattern, got 1"]
compile-fail/result_err_wrong_arity.rua
  E0203 file=compile-fail/result_err_wrong_arity.rua range=40..43 arguments=[line="2", message="`Err` takes exactly 1 argument"]
compile-fail/result_ok_wrong_arity.rua
  E0203 file=compile-fail/result_ok_wrong_arity.rua range=40..42 arguments=[line="2", message="`Ok` takes exactly 1 argument"]
compile-fail/struct_extra_field.rua
  E0209 file=compile-fail/struct_extra_field.rua range=52..72 arguments=[line="4", message="struct `Point` has no field `y`"]
compile-fail/struct_missing_field.rua
  E0209 file=compile-fail/struct_missing_field.rua range=60..74 arguments=[line="4", message="struct `Point` is missing field `y`"]
compile-fail/trait_bound_method_wrong_arity.rua
  E0200 file=compile-fail/trait_bound_method_wrong_arity.rua range=99..114 arguments=[line="6", message="method `Animal::speak` expects 0 argument(s), got 1"]
compile-fail/trait_bound_method_wrong_type.rua
  E0200 file=compile-fail/trait_bound_method_wrong_type.rua range=107..112 arguments=[line="6", message="argument 1 of `Adder::add` expects `i64`, found `bool`"]
compile-fail/trait_bound_unsatisfied.rua
  E0200 file=compile-fail/trait_bound_unsatisfied.rua range=118..126 arguments=[line="10", message="type `Cat` does not implement trait `Animal` (required by bound `T: Animal` of `describe`)"]
compile-fail/trait_method_generic_mismatch.rua
  E0200 file=compile-fail/trait_method_generic_mismatch.rua range=187..209 arguments=[line="12", message="type `Plain` does not implement trait `Show` (required by bound `T: Show` of `Container::store`)"]
compile-fail/trait_unknown_bound.rua
  E0208 file=- range=- arguments=[message="unknown trait `MissingTrait` in bound `T: MissingTrait`"]
compile-fail/trait_where_unknown_bound.rua
  E0208 file=- range=- arguments=[message="unknown trait `MissingTrait` in bound `T: MissingTrait`"]
compile-fail/try_on_non_result.rua
  E0200 file=compile-fail/try_on_non_result.rua range=46..47 arguments=[line="3", message="`?` operator requires `Result` or `Option`, found `i64`"]
compile-fail/type_binary_invalid.rua
  E0206 file=compile-fail/type_binary_invalid.rua range=73..81 arguments=[line="6", message="cannot apply binary `+` to `bool` and `i64`"]
  E0206 file=compile-fail/type_binary_invalid.rua range=106..115 arguments=[line="7", message="cannot apply binary `-` to `Vec<i64>` and `Vec<i64>`"]
  E0206 file=compile-fail/type_binary_invalid.rua range=143..159 arguments=[line="8", message="cannot apply binary `*` to `String` and `String`"]
  E0206 file=compile-fail/type_binary_invalid.rua range=183..191 arguments=[line="9", message="cannot apply binary `==` to `i64` and `String`"]
  E0206 file=compile-fail/type_binary_invalid.rua range=219..233 arguments=[line="10", message="cannot apply binary `!=` to `bool` and `String`"]
  E0206 file=compile-fail/type_binary_invalid.rua range=256..268 arguments=[line="11", message="cannot apply binary `<` to `bool` and `bool`"]
  E0206 file=compile-fail/type_binary_invalid.rua range=292..300 arguments=[line="12", message="cannot apply binary `>=` to `String` and `i64`"]
  E0206 file=compile-fail/type_binary_invalid.rua range=324..333 arguments=[line="13", message="type `Point` does not implement operator trait `Add`"]
compile-fail/type_break_value_in_while.rua
  E0200 file=compile-fail/type_break_value_in_while.rua range=46..47 arguments=[line="3", message="`break` with a value is only allowed in `loop`"]
compile-fail/type_coalesce_non_option.rua
  E0206 file=compile-fail/type_coalesce_non_option.rua range=26..32 arguments=[line="2", message="left operand of `??` must be `Option`, found `i64`"]
compile-fail/type_if_condition_non_bool.rua
  E0200 file=compile-fail/type_if_condition_non_bool.rua range=19..20 arguments=[line="2", message="`if` condition must be `bool`, found `i64`"]
compile-fail/type_let_annotation_mismatch.rua
  E0200 file=compile-fail/type_let_annotation_mismatch.rua range=36..37 arguments=[line="2", message="`enabled` annotated as `bool` but initialized with `i64`"]
compile-fail/type_map_literal_mixed_values.rua
  E0200 file=compile-fail/type_map_literal_mixed_values.rua range=75..79 arguments=[line="4", message="map value must be `i64`, found `bool`"]
compile-fail/type_membership_element_mismatch.rua
  E0200 file=compile-fail/type_membership_element_mismatch.rua range=27..45 arguments=[line="2", message="`in` expects `i64`, found `String`"]
compile-fail/type_optional_chain_non_option.rua
  E0200 file=compile-fail/type_optional_chain_non_option.rua range=83..90 arguments=[line="6", message="optional chaining requires `Option`, found `Profile`"]
  E0200 file=compile-fail/type_optional_chain_non_option.rua range=83..96 arguments=[line="6", message="expected return type `String`, found `Option<?>`"]
compile-fail/type_return_mismatch.rua
  E0200 file=compile-fail/type_return_mismatch.rua range=27..28 arguments=[line="2", message="expected return type `bool`, found `i64`"]
compile-fail/type_unary_invalid.rua
  E0200 file=compile-fail/type_unary_invalid.rua range=28..33 arguments=[line="2", message="cannot negate `bool`"]
compile-fail/type_while_condition_non_bool.rua
  E0200 file=compile-fail/type_while_condition_non_bool.rua range=22..23 arguments=[line="2", message="`while` condition must be `bool`, found `i64`"]
