symbol: Point Struct container=<root> name=37..42 full=30..70 detail="struct Point" doc="A point in integer space."
symbol: x Field container=Point name=49..50 full=44..55 detail="" doc=""
symbol: y Field container=Point name=61..62 full=56..67 detail="" doc=""
symbol: Mode Enum container=<root> name=77..81 full=72..105 detail="enum Mode" doc=""
symbol: Fast Variant container=Mode name=88..92 full=83..92 detail="" doc=""
symbol: Safe Variant container=Mode name=98..102 full=93..102 detail="" doc=""
symbol: Named Trait container=<root> name=113..118 full=107..152 detail="trait Named" doc=""
symbol: name Method container=Named name=128..132 full=120..150 detail="fn name(&self) -> String" doc=""
symbol: impl Point Impl container=<root> name=169..174 full=154..219 detail="impl Named for Point" doc=""
symbol: name Method container=impl Point name=184..188 full=176..217 detail="fn name(&self) -> String" doc=""
symbol: origin Function container=<root> name=224..230 full=221..266 detail="fn origin() -> Point" doc=""
