source_len: 75
SourceFile 0..75
  FnDecl 0..74
    KwFn 0..2 "fn"
    Ident 3..8 "visit"
    LParen 8..9 "("
    RParen 9..10 ")"
    Block 10..74
      LBrace 11..12 "{"
      ForExpr 17..72
        KwFor 17..20 "for"
        Ident 21..26 "index"
        KwIn 27..29 "in"
        RangeExpr 30..36
          LiteralExpr 30..31
            Int 30..31 "1"
          DotDotEq 31..34 "..="
          LiteralExpr 34..36
            Int 34..36 "10"
        Block 36..72
          LBrace 37..38 "{"
          ExprStmt 47..66
            CallExpr 47..65
              PathExpr 47..52
                Ident 47..52 "print"
              ArgList 52..65
                LParen 52..53 "("
                LiteralExpr 53..57
                  Str 53..57 "\"{}\""
                Comma 57..58 ","
                PathExpr 59..64
                  Ident 59..64 "index"
                RParen 64..65 ")"
            Semi 65..66 ";"
          RBrace 71..72 "}"
      RBrace 73..74 "}"
